
> tawanda-space@0.0.1 build
> astro build

03:51:09 [types] Generated 12.86s
03:51:09 [build] output: "static"
03:51:09 [build] directory: C:\Users\pjmas\Desktop\personal website\tawanda-space\dist\
03:51:09 [build] Collecting build info...
03:51:09 [build] Ô£ô Completed in 12.89s.
03:51:09 [build] Building static entrypoints...
node.exe : 03:51:14 
[ERROR] [vite] 
[31mx[39m Build failed 
in 4.60s
At line:1 char:1
+ & "C:\Program 
Files\nodejs/node.exe" 
"C:\Program 
Files\nodejs/node_mo ...
+ ~~~~~~~~~~~~~~~~~~~~~~~
~~~~~~~~~~~~~~~~~~~~~~~~~
~~~~~~~~~~~~~~~~~~~~~
    + CategoryInfo       
       : NotSpecified:   
  (03:51:14 [ERROR...f   
 ailed in 4.60s:Strin    
g) [], RemoteExcepti    
on
    + FullyQualifiedErro 
   rId : NativeCommandE  
  rror
 
[InvalidContentEntryFront
matterError] 
[astro:content-imports] 
projects ÔåÆ pixla.md 
frontmatter does not 
match collection schema.
status: Invalid enum 
value. Expected 'Live' | 
'WIP', received 'In 
Progress'
file: C:/Users/pjmas/Desk
top/personal website/tawa
nda-space/src/content/pro
jects/pixla.md?astroConte
ntCollectionEntry=true:0:
0
  Hint:
    See https://docs.astr
o.build/en/guides/content
-collections/ for more 
information on content 
schemas.
  Error reference:
    https://docs.astro.bu
ild/en/reference/errors/i
nvalid-content-entry-fron
tmatter-error/
  Location:
    C:/Users/pjmas/Deskto
p/personal website/tawand
a-space/src/content/proje
cts/pixla.md:0:0
  Stack trace:
    at 
getEntryDataAndImages (fi
le:///C:/Users/pjmas/Desk
top/personal%20website/ta
wanda-space/node_modules/
astro/dist/content/utils.
js:137:26)
    at async 
getContentEntryModule (fi
le:///C:/Users/pjmas/Desk
top/personal%20website/ta
wanda-space/node_modules/
astro/dist/content/vite-p
lugin-content-imports.js:
171:35)
    at async transform (f
ile:///C:/Users/pjmas/Des
ktop/personal%20website/t
awanda-space/node_modules
/rollup/dist/es/shared/no
de-entry.js:21269:16)
